C:/Users/chuan/project/MakeNTU_temp/MakeNTU_2025/Core/Src/main.c:823:6:StartDefaultTask	40	static
C:/Users/chuan/project/MakeNTU_temp/MakeNTU_2025/Core/Src/main.c:137:9:Map	8	static
C:/Users/chuan/project/MakeNTU_temp/MakeNTU_2025/Core/Src/main.c:262:6:SystemClock_Config	88	static
C:/Users/chuan/project/MakeNTU_temp/MakeNTU_2025/Core/Src/main.c:754:6:GetManufacturerId	72	static
C:/Users/chuan/project/MakeNTU_temp/MakeNTU_2025/Core/Src/main.c:784:6:EnableMemoryMappedMode	72	static
C:/Users/chuan/project/MakeNTU_temp/MakeNTU_2025/Core/Src/main.c:154:5:main	128	static,ignoring_inline_asm
C:/Users/chuan/project/MakeNTU_temp/MakeNTU_2025/Core/Src/main.c:892:6:HAL_TIM_PeriodElapsedCallback	0	static
C:/Users/chuan/project/MakeNTU_temp/MakeNTU_2025/Core/Src/main.c:910:6:Error_Handler	0	static
