C:/Users/chuan/project/MakeNTU_2025/Core/Src/main.c:772:6:StartDefaultTask	3
C:/Users/chuan/project/MakeNTU_2025/Core/Src/main.c:134:9:Map	1
C:/Users/chuan/project/MakeNTU_2025/Core/Src/main.c:258:6:SystemClock_Config	1
C:/Users/chuan/project/MakeNTU_2025/Core/Src/main.c:703:6:GetManufacturerId	1
C:/Users/chuan/project/MakeNTU_2025/Core/Src/main.c:733:6:EnableMemoryMappedMode	1
C:/Users/chuan/project/MakeNTU_2025/Core/Src/main.c:151:5:main	3
C:/Users/chuan/project/MakeNTU_2025/Core/Src/main.c:839:6:HAL_TIM_PeriodElapsedCallback	2
C:/Users/chuan/project/MakeNTU_2025/Core/Src/main.c:857:6:Error_Handler	1
