C:/TouchGFXProjects/MakeNTU_screen/Core/Src/main.c:761:6:StartDefaultTask	2
C:/TouchGFXProjects/MakeNTU_screen/Core/Src/main.c:247:6:SystemClock_Config	1
C:/TouchGFXProjects/MakeNTU_screen/Core/Src/main.c:692:6:GetManufacturerId	1
C:/TouchGFXProjects/MakeNTU_screen/Core/Src/main.c:722:6:EnableMemoryMappedMode	1
C:/TouchGFXProjects/MakeNTU_screen/Core/Src/main.c:140:5:main	3
C:/TouchGFXProjects/MakeNTU_screen/Core/Src/main.c:823:6:HAL_TIM_PeriodElapsedCallback	2
C:/TouchGFXProjects/MakeNTU_screen/Core/Src/main.c:841:6:Error_Handler	1
