C:/Users/chuan/project/MakeNTU_2025/Core/Src/main.c:772:6:StartDefaultTask	40	static
C:/Users/chuan/project/MakeNTU_2025/Core/Src/main.c:134:9:Map	8	static
C:/Users/chuan/project/MakeNTU_2025/Core/Src/main.c:258:6:SystemClock_Config	88	static
C:/Users/chuan/project/MakeNTU_2025/Core/Src/main.c:703:6:GetManufacturerId	72	static
C:/Users/chuan/project/MakeNTU_2025/Core/Src/main.c:733:6:EnableMemoryMappedMode	72	static
C:/Users/chuan/project/MakeNTU_2025/Core/Src/main.c:151:5:main	120	static,ignoring_inline_asm
C:/Users/chuan/project/MakeNTU_2025/Core/Src/main.c:839:6:HAL_TIM_PeriodElapsedCallback	0	static
C:/Users/chuan/project/MakeNTU_2025/Core/Src/main.c:857:6:Error_Handler	0	static
