../../Middlewares/ST/touchgfx/framework/include/touchgfx/Screen.hpp:104:18:virtual void touchgfx::Screen::afterTransition()	0	static
../../Middlewares/ST/touchgfx/framework/include/touchgfx/Screen.hpp:144:18:virtual void touchgfx::Screen::handleTickEvent()	0	static
../../Middlewares/ST/touchgfx/framework/include/touchgfx/Screen.hpp:154:18:virtual void touchgfx::Screen::handleKeyEvent(uint8_t)	0	static
C:/Users/chuan/project/MakeNTU_temp/MakeNTU_2025/TouchGFX/gui/src/screen1_screen/Screen1View.cpp:37:6:virtual void Screen1View::tearDownScreen()	0	static
../../TouchGFX/gui/include/gui/screen1_screen/Screen1View.hpp:11:13:Screen1View::~Screen1View()	8	static
../../TouchGFX/gui/include/gui/screen1_screen/Screen1View.hpp:11:13:virtual Screen1View::~Screen1View()	8	static
../../Middlewares/ST/touchgfx/framework/include/touchgfx/Bitmap.hpp:146:14:touchgfx::BitmapId touchgfx::Bitmap::getId() const	8	static
../../Middlewares/ST/touchgfx/framework/include/touchgfx/widgets/ToggleButton.hpp:58:10:bool touchgfx::ToggleButton::getState() const	8	static
C:/Users/chuan/project/MakeNTU_temp/MakeNTU_2025/TouchGFX/gui/src/screen1_screen/Screen1View.cpp:135:6:virtual void Screen1View::onXScaleToggled()	16	static
C:/Users/chuan/project/MakeNTU_temp/MakeNTU_2025/TouchGFX/gui/src/screen1_screen/Screen1View.cpp:141:6:virtual void Screen1View::onYScaleToggled()	16	static
C:/Users/chuan/project/MakeNTU_temp/MakeNTU_2025/TouchGFX/gui/src/screen1_screen/Screen1View.cpp:153:6:virtual void Screen1View::onOffsetToggled()	16	static
C:/Users/chuan/project/MakeNTU_temp/MakeNTU_2025/TouchGFX/gui/src/screen1_screen/Screen1View.cpp:14:7:float UnMap(uint8_t)	8	static
C:/Users/chuan/project/MakeNTU_temp/MakeNTU_2025/TouchGFX/gui/src/screen1_screen/Screen1View.cpp:19:1:Screen1View::Screen1View()	24	static
C:/Users/chuan/project/MakeNTU_temp/MakeNTU_2025/TouchGFX/gui/src/screen1_screen/Screen1View.cpp:98:6:void Screen1View::onMeasureToggled(const touchgfx::ToggleButton*, touchgfx::TextArea*)	8	static
C:/Users/chuan/project/MakeNTU_temp/MakeNTU_2025/TouchGFX/gui/src/screen1_screen/Screen1View.cpp:105:6:virtual void Screen1View::onVppToggled()	0	static
C:/Users/chuan/project/MakeNTU_temp/MakeNTU_2025/TouchGFX/gui/src/screen1_screen/Screen1View.cpp:109:6:virtual void Screen1View::onFreqToggled()	0	static
C:/Users/chuan/project/MakeNTU_temp/MakeNTU_2025/TouchGFX/gui/src/screen1_screen/Screen1View.cpp:113:6:virtual void Screen1View::onPeriodToggled()	0	static
C:/Users/chuan/project/MakeNTU_temp/MakeNTU_2025/TouchGFX/gui/src/screen1_screen/Screen1View.cpp:176:6:void Screen1View::tick()	8	static
C:/Users/chuan/project/MakeNTU_temp/MakeNTU_2025/TouchGFX/gui/src/screen1_screen/Screen1View.cpp:32:6:virtual void Screen1View::setupScreen()	0	static
C:/Users/chuan/project/MakeNTU_temp/MakeNTU_2025/TouchGFX/gui/src/screen1_screen/Screen1View.cpp:42:6:virtual void Screen1View::onBackButtonClicked()	24	static
C:/Users/chuan/project/MakeNTU_temp/MakeNTU_2025/TouchGFX/gui/src/screen1_screen/Screen1View.cpp:60:6:virtual void Screen1View::onDisplayMenuClicked()	8	static
C:/Users/chuan/project/MakeNTU_temp/MakeNTU_2025/TouchGFX/gui/src/screen1_screen/Screen1View.cpp:74:6:virtual void Screen1View::onMeasureMenuClicked()	8	static
C:/Users/chuan/project/MakeNTU_temp/MakeNTU_2025/TouchGFX/gui/src/screen1_screen/Screen1View.cpp:85:6:virtual void Screen1View::onTriggerMenuClicked()	8	static
C:/Users/chuan/project/MakeNTU_temp/MakeNTU_2025/TouchGFX/gui/src/screen1_screen/Screen1View.cpp:233:6:virtual void Screen1View::onTriggerTypeClicked()	8	static
C:/Users/chuan/project/MakeNTU_temp/MakeNTU_2025/TouchGFX/gui/src/screen1_screen/Screen1View.cpp:118:6:virtual void Screen1View::onSingleToggle(const touchgfx::ToggleButton*)	24	static
C:/Users/chuan/project/MakeNTU_temp/MakeNTU_2025/TouchGFX/gui/src/screen1_screen/Screen1View.cpp:165:6:virtual void Screen1View::onLevelToggled()	16	static
C:/Users/chuan/project/MakeNTU_temp/MakeNTU_2025/TouchGFX/gui/src/screen1_screen/Screen1View.cpp:210:6:virtual void Screen1View::onSlideMenuUpdated()	8	static
C:/Users/chuan/project/MakeNTU_temp/MakeNTU_2025/TouchGFX/gui/src/screen1_screen/Screen1View.cpp:223:6:void Screen1View::UpdateGraph(uint8_t*)	32	static
