../../TouchGFX/gui/include/gui/model/ModelListener.hpp:20:18:virtual void ModelListener::UpdateGraph(uint8_t*)	0	static
../../TouchGFX/gui/include/gui/model/ModelListener.hpp:21:18:virtual void ModelListener::tick()	0	static
../../TouchGFX/gui/include/gui/screen3_screen/Screen3Presenter.hpp:28:13:Screen3Presenter::~Screen3Presenter()	0	static
C:/Users/chuan/project/MakeNTU_temp/MakeNTU_2025/TouchGFX/gui/src/screen3_screen/Screen3Presenter.cpp:10:6:virtual void Screen3Presenter::activate()	0	static
../../TouchGFX/gui/include/gui/screen3_screen/Screen3Presenter.hpp:28:13:virtual Screen3Presenter::~Screen3Presenter()	8	static
../../TouchGFX/gui/include/gui/screen3_screen/Screen3Presenter.hpp:28:13:virtual void* Screen3Presenter::_ZThn4_N16Screen3PresenterD1Ev()	0	static
C:/Users/chuan/project/MakeNTU_temp/MakeNTU_2025/TouchGFX/gui/src/screen3_screen/Screen3Presenter.cpp:4:1:Screen3Presenter::Screen3Presenter(Screen3View&)	0	static
