../../TouchGFX/gui/include/gui/screen1_screen/Screen1Presenter.hpp:28:13:Screen1Presenter::~Screen1Presenter()	0	static
C:/Users/chuan/project/MakeNTU_temp/MakeNTU_2025/TouchGFX/gui/src/screen1_screen/Screen1Presenter.cpp:12:6:virtual void Screen1Presenter::activate()	0	static
../../TouchGFX/gui/include/gui/screen1_screen/Screen1Presenter.hpp:28:13:virtual Screen1Presenter::~Screen1Presenter()	8	static
C:/Users/chuan/project/MakeNTU_temp/MakeNTU_2025/TouchGFX/gui/src/screen1_screen/Screen1Presenter.cpp:22:6:virtual void Screen1Presenter::UpdateGraph(uint8_t*)	0	static
C:/Users/chuan/project/MakeNTU_temp/MakeNTU_2025/TouchGFX/gui/src/screen1_screen/Screen1Presenter.cpp:27:6:virtual void Screen1Presenter::tick()	0	static
../../TouchGFX/gui/include/gui/screen1_screen/Screen1Presenter.hpp:28:13:virtual void* Screen1Presenter::_ZThn4_N16Screen1PresenterD1Ev()	0	static
C:/Users/chuan/project/MakeNTU_temp/MakeNTU_2025/TouchGFX/gui/src/screen1_screen/Screen1Presenter.cpp:6:1:Screen1Presenter::Screen1Presenter(Screen1View&)	0	static
