../../Middlewares/ST/touchgfx/framework/include/touchgfx/Screen.hpp:104:18:virtual void touchgfx::Screen::afterTransition()	0	static
../../Middlewares/ST/touchgfx/framework/include/touchgfx/Screen.hpp:144:18:virtual void touchgfx::Screen::handleTickEvent()	0	static
../../Middlewares/ST/touchgfx/framework/include/touchgfx/Screen.hpp:154:18:virtual void touchgfx::Screen::handleKeyEvent(uint8_t)	0	static
C:/Users/chuan/project/MakeNTU_temp/MakeNTU_2025/TouchGFX/gui/src/screen1_screen/Screen1View.cpp:51:6:virtual void Screen1View::tearDownScreen()	0	static
../../TouchGFX/gui/include/gui/screen1_screen/Screen1View.hpp:12:13:Screen1View::~Screen1View()	8	static
../../TouchGFX/gui/include/gui/screen1_screen/Screen1View.hpp:12:13:virtual Screen1View::~Screen1View()	8	static
../../Middlewares/ST/touchgfx/framework/include/touchgfx/Bitmap.hpp:146:14:touchgfx::BitmapId touchgfx::Bitmap::getId() const	8	static
../../Middlewares/ST/touchgfx/framework/include/touchgfx/Drawable.hpp:233:10:void touchgfx::Drawable::setPosition(int16_t, int16_t, int16_t, int16_t)	24	static
../../Middlewares/ST/touchgfx/framework/include/touchgfx/widgets/ToggleButton.hpp:58:10:bool touchgfx::ToggleButton::getState() const	8	static
C:/Users/chuan/project/MakeNTU_temp/MakeNTU_2025/TouchGFX/gui/src/screen1_screen/Screen1View.cpp:169:6:virtual void Screen1View::onXScaleToggled()	16	static
C:/Users/chuan/project/MakeNTU_temp/MakeNTU_2025/TouchGFX/gui/src/screen1_screen/Screen1View.cpp:181:6:virtual void Screen1View::onYScaleToggled()	16	static
C:/Users/chuan/project/MakeNTU_temp/MakeNTU_2025/TouchGFX/gui/src/screen1_screen/Screen1View.cpp:193:6:virtual void Screen1View::onOffsetToggled()	16	static
C:/Users/chuan/project/MakeNTU_temp/MakeNTU_2025/TouchGFX/gui/src/screen1_screen/Screen1View.cpp:24:7:float UnMap(uint8_t)	8	static
C:/Users/chuan/project/MakeNTU_temp/MakeNTU_2025/TouchGFX/gui/src/screen1_screen/Screen1View.cpp:29:1:Screen1View::Screen1View()	24	static
C:/Users/chuan/project/MakeNTU_temp/MakeNTU_2025/TouchGFX/gui/src/screen1_screen/Screen1View.cpp:124:6:void Screen1View::onMeasureToggled(const touchgfx::ToggleButton*, touchgfx::TextArea*)	8	static
C:/Users/chuan/project/MakeNTU_temp/MakeNTU_2025/TouchGFX/gui/src/screen1_screen/Screen1View.cpp:131:6:virtual void Screen1View::onVppToggled()	0	static
C:/Users/chuan/project/MakeNTU_temp/MakeNTU_2025/TouchGFX/gui/src/screen1_screen/Screen1View.cpp:135:6:virtual void Screen1View::onFreqToggled()	0	static
C:/Users/chuan/project/MakeNTU_temp/MakeNTU_2025/TouchGFX/gui/src/screen1_screen/Screen1View.cpp:139:6:virtual void Screen1View::onPeriodToggled()	0	static
C:/Users/chuan/project/MakeNTU_temp/MakeNTU_2025/TouchGFX/gui/src/screen1_screen/Screen1View.cpp:46:6:virtual void Screen1View::setupScreen()	0	static
C:/Users/chuan/project/MakeNTU_temp/MakeNTU_2025/TouchGFX/gui/src/screen1_screen/Screen1View.cpp:56:6:virtual void Screen1View::onBackButtonClicked()	24	static
C:/Users/chuan/project/MakeNTU_temp/MakeNTU_2025/TouchGFX/gui/src/screen1_screen/Screen1View.cpp:74:6:virtual void Screen1View::onDisplayMenuClicked()	8	static
C:/Users/chuan/project/MakeNTU_temp/MakeNTU_2025/TouchGFX/gui/src/screen1_screen/Screen1View.cpp:88:6:virtual void Screen1View::onMeasureMenuClicked()	8	static
C:/Users/chuan/project/MakeNTU_temp/MakeNTU_2025/TouchGFX/gui/src/screen1_screen/Screen1View.cpp:99:6:virtual void Screen1View::onTriggerMenuClicked()	8	static
C:/Users/chuan/project/MakeNTU_temp/MakeNTU_2025/TouchGFX/gui/src/screen1_screen/Screen1View.cpp:110:6:virtual void Screen1View::onCursorMenuClicked()	8	static
C:/Users/chuan/project/MakeNTU_temp/MakeNTU_2025/TouchGFX/gui/src/screen1_screen/Screen1View.cpp:382:6:virtual void Screen1View::onTriggerTypeClicked()	8	static
C:/Users/chuan/project/MakeNTU_temp/MakeNTU_2025/TouchGFX/gui/src/screen1_screen/Screen1View.cpp:144:6:virtual void Screen1View::onSingleToggle(const touchgfx::ToggleButton*)	24	static
C:/Users/chuan/project/MakeNTU_temp/MakeNTU_2025/TouchGFX/gui/src/screen1_screen/Screen1View.cpp:205:6:virtual void Screen1View::onLevelToggled()	16	static
C:/Users/chuan/project/MakeNTU_temp/MakeNTU_2025/TouchGFX/gui/src/screen1_screen/Screen1View.cpp:220:6:virtual void Screen1View::onCursor1XToggled()	16	static
C:/Users/chuan/project/MakeNTU_temp/MakeNTU_2025/TouchGFX/gui/src/screen1_screen/Screen1View.cpp:236:6:virtual void Screen1View::onCursor1YToggled()	16	static
C:/Users/chuan/project/MakeNTU_temp/MakeNTU_2025/TouchGFX/gui/src/screen1_screen/Screen1View.cpp:252:6:void Screen1View::tick()	40	static
C:/Users/chuan/project/MakeNTU_temp/MakeNTU_2025/TouchGFX/gui/src/screen1_screen/Screen1View.cpp:337:6:virtual void Screen1View::onSlideMenuUpdated()	40	static
C:/Users/chuan/project/MakeNTU_temp/MakeNTU_2025/TouchGFX/gui/src/screen1_screen/Screen1View.cpp:372:6:void Screen1View::UpdateGraph(uint8_t*)	32	static
