../../Middlewares/ST/touchgfx/framework/include/touchgfx/Screen.hpp:104:18:virtual void touchgfx::Screen::afterTransition()	0	static
../../Middlewares/ST/touchgfx/framework/include/touchgfx/Screen.hpp:144:18:virtual void touchgfx::Screen::handleTickEvent()	0	static
../../Middlewares/ST/touchgfx/framework/include/touchgfx/Screen.hpp:154:18:virtual void touchgfx::Screen::handleKeyEvent(uint8_t)	0	static
C:/TouchGFXProjects/MakeNTU_screen/TouchGFX/gui/src/screen1_screen/Screen1View.cpp:26:6:virtual void Screen1View::tearDownScreen()	0	static
../../TouchGFX/gui/include/gui/screen1_screen/Screen1View.hpp:11:13:Screen1View::~Screen1View()	8	static
../../TouchGFX/gui/include/gui/screen1_screen/Screen1View.hpp:11:13:virtual Screen1View::~Screen1View()	8	static
C:/TouchGFXProjects/MakeNTU_screen/TouchGFX/gui/src/screen1_screen/Screen1View.cpp:10:7:float UnMap(uint8_t)	8	static
C:/TouchGFXProjects/MakeNTU_screen/TouchGFX/gui/src/screen1_screen/Screen1View.cpp:16:1:Screen1View::Screen1View()	8	static
C:/TouchGFXProjects/MakeNTU_screen/TouchGFX/gui/src/screen1_screen/Screen1View.cpp:31:6:void Screen1View::UpdateGraph(uint8_t*)	48	static
C:/TouchGFXProjects/MakeNTU_screen/TouchGFX/gui/src/screen1_screen/Screen1View.cpp:21:6:virtual void Screen1View::setupScreen()	0	static
