../../Middlewares/ST/touchgfx/framework/include/touchgfx/Screen.hpp:104:18:virtual void touchgfx::Screen::afterTransition()	0	static
../../Middlewares/ST/touchgfx/framework/include/touchgfx/Screen.hpp:144:18:virtual void touchgfx::Screen::handleTickEvent()	0	static
../../Middlewares/ST/touchgfx/framework/include/touchgfx/Screen.hpp:154:18:virtual void touchgfx::Screen::handleKeyEvent(uint8_t)	0	static
C:/TouchGFXProjects/MakeNTU_screen/TouchGFX/gui/src/screen2_screen/Screen2View.cpp:28:6:virtual void Screen2View::tearDownScreen()	0	static
C:/TouchGFXProjects/MakeNTU_screen/TouchGFX/gui/src/screen2_screen/Screen2View.cpp:41:6:virtual void Screen2View::onFreqConfirmed(int)	0	static
../../TouchGFX/gui/include/gui/screen2_screen/Screen2View.hpp:11:13:Screen2View::~Screen2View()	8	static
../../TouchGFX/gui/include/gui/screen2_screen/Screen2View.hpp:11:13:virtual Screen2View::~Screen2View()	8	static
C:/TouchGFXProjects/MakeNTU_screen/TouchGFX/gui/src/screen2_screen/Screen2View.cpp:18:1:Screen2View::Screen2View()	8	static
C:/TouchGFXProjects/MakeNTU_screen/TouchGFX/gui/src/screen2_screen/Screen2View.cpp:23:6:virtual void Screen2View::setupScreen()	0	static
C:/TouchGFXProjects/MakeNTU_screen/TouchGFX/gui/src/screen2_screen/Screen2View.cpp:33:6:virtual void Screen2View::onFuncButtonClicked()	16	static
C:/TouchGFXProjects/MakeNTU_screen/TouchGFX/gui/src/screen2_screen/Screen2View.cpp:51:6:virtual void Screen2View::freqValueUpdate(int)	8	static
C:/TouchGFXProjects/MakeNTU_screen/TouchGFX/gui/src/screen2_screen/Screen2View.cpp:57:6:virtual void Screen2View::ampValueUpdate(int)	16	static
